

================================================================
== Synthesis Summary Report of 'hotspot_HW'
================================================================
+ General Information: 
    * Date:           Wed Nov 22 18:25:28 2023
    * Version:        2020.2.2 (Build 3118627 on Tue Feb  9 05:13:49 MST 2021)
    * Project:        hotspot.prj
    * Solution:       solution1 (Vivado IP Flow Target)
    * Product family: virtexuplus
    * Target device:  xcu50-fsvh2104-2-e
    

+ Performance & Resource Estimates: 
    
    PS: '+' for module; 'o' for loop; '*' for dataflow
    +-------------------------------------+------+-------+-----------+-----------+----------+-----------+------+----------+------+----------+------------+------------+-----+
    |               Modules               | Issue|       |  Latency  |  Latency  | Iteration|           | Trip |          |      |          |            |            |     |
    |               & Loops               | Type | Slack |  (cycles) |    (ns)   |  Latency |  Interval | Count| Pipelined| BRAM |    DSP   |     FF     |     LUT    | URAM|
    +-------------------------------------+------+-------+-----------+-----------+----------+-----------+------+----------+------+----------+------------+------------+-----+
    |+ hotspot_HW                         |     -|  -0.00|  262837560|  8.752e+08|         -|  262837561|     -|        no|     -|  34 (~0%)|  5765 (~0%)|  4795 (~0%)|    -|
    | + grp_compute_fu_821                |     -|  -0.04|      12362|  4.117e+04|         -|      12362|     -|        no|     -|  15 (~0%)|  2909 (~0%)|  1784 (~0%)|    -|
    |  o VITIS_LOOP_28_1_VITIS_LOOP_29_2  |    II|  -2.43|      12349|  4.112e+04|        65|          3|  4096|       yes|     -|         -|           -|           -|    -|
    | o VITIS_LOOP_140_1                  |     -|  -2.43|  262837500|  8.752e+08|    525675|          -|   500|        no|     -|         -|           -|           -|    -|
    |  o VITIS_LOOP_142_2                 |     -|  -2.43|     262840|  8.753e+05|     32855|          -|     8|        no|     -|         -|           -|           -|    -|
    |   o VITIS_LOOP_142_2.1              |     -|  -2.43|       4096|  1.364e+04|         1|          1|  4096|       yes|     -|         -|           -|           -|    -|
    |   o VITIS_LOOP_142_2.2              |     -|  -2.43|       4096|  1.364e+04|         1|          1|  4096|       yes|     -|         -|           -|           -|    -|
    |   o VITIS_LOOP_142_2.3              |     -|  -2.43|       4096|  1.364e+04|         1|          1|  4096|       yes|     -|         -|           -|           -|    -|
    |   o VITIS_LOOP_142_2.4              |     -|  -2.43|       4096|  1.364e+04|         1|          1|  4096|       yes|     -|         -|           -|           -|    -|
    |   o VITIS_LOOP_142_2.5              |     -|  -2.43|       4096|  1.364e+04|         1|          1|  4096|       yes|     -|         -|           -|           -|    -|
    |   o VITIS_LOOP_142_2.6              |     -|  -2.43|       4096|  1.364e+04|         1|          1|  4096|       yes|     -|         -|           -|           -|    -|
    |   o VITIS_LOOP_142_2.7              |     -|  -2.43|       4096|  1.364e+04|         1|          1|  4096|       yes|     -|         -|           -|           -|    -|
    |   o VITIS_LOOP_142_2.8              |     -|  -2.43|       4096|  1.364e+04|         1|          1|  4096|       yes|     -|         -|           -|           -|    -|
    |   o VITIS_LOOP_142_2.9              |     -|  -2.43|       4096|  1.364e+04|         1|          1|  4096|       yes|     -|         -|           -|           -|    -|
    |   o VITIS_LOOP_142_2.10             |     -|  -2.43|       4096|  1.364e+04|         1|          1|  4096|       yes|     -|         -|           -|           -|    -|
    |   o VITIS_LOOP_142_2.11             |     -|  -2.43|       4097|  1.364e+04|         2|          1|  4096|       yes|     -|         -|           -|           -|    -|
    |  o VITIS_LOOP_173_3                 |     -|  -2.43|     262832|  8.752e+05|     32854|          -|     8|        no|     -|         -|           -|           -|    -|
    |   o VITIS_LOOP_173_3.1              |     -|  -2.43|       4096|  1.364e+04|         1|          1|  4096|       yes|     -|         -|           -|           -|    -|
    |   o VITIS_LOOP_173_3.2              |     -|  -2.43|       4096|  1.364e+04|         1|          1|  4096|       yes|     -|         -|           -|           -|    -|
    |   o VITIS_LOOP_173_3.3              |     -|  -2.43|       4096|  1.364e+04|         1|          1|  4096|       yes|     -|         -|           -|           -|    -|
    |   o VITIS_LOOP_173_3.4              |     -|  -2.43|       4096|  1.364e+04|         1|          1|  4096|       yes|     -|         -|           -|           -|    -|
    |   o VITIS_LOOP_173_3.5              |     -|  -2.43|       4096|  1.364e+04|         1|          1|  4096|       yes|     -|         -|           -|           -|    -|
    |   o VITIS_LOOP_173_3.6              |     -|  -2.43|       4096|  1.364e+04|         1|          1|  4096|       yes|     -|         -|           -|           -|    -|
    |   o VITIS_LOOP_173_3.7              |     -|  -2.43|       4096|  1.364e+04|         1|          1|  4096|       yes|     -|         -|           -|           -|    -|
    |   o VITIS_LOOP_173_3.8              |     -|  -2.43|       4096|  1.364e+04|         1|          1|  4096|       yes|     -|         -|           -|           -|    -|
    |   o VITIS_LOOP_173_3.9              |     -|  -2.43|       4096|  1.364e+04|         1|          1|  4096|       yes|     -|         -|           -|           -|    -|
    |   o VITIS_LOOP_173_3.10             |     -|  -2.43|       4096|  1.364e+04|         1|          1|  4096|       yes|     -|         -|           -|           -|    -|
    |   o VITIS_LOOP_173_3.11             |     -|  -2.43|       4096|  1.364e+04|         2|          1|  4096|       yes|     -|         -|           -|           -|    -|
    +-------------------------------------+------+-------+-----------+-----------+----------+-----------+------+----------+------+----------+------------+------------+-----+

