

================================================================
== Synthesis Summary Report of 'hotspot_HW'
================================================================
+ General Information: 
    * Date:           Sun Nov 26 22:32:21 2023
    * Version:        2020.2.2 (Build 3118627 on Tue Feb  9 05:13:49 MST 2021)
    * Project:        hotspot.prj
    * Solution:       solution1 (Vivado IP Flow Target)
    * Product family: virtexuplus
    * Target device:  xcu50-fsvh2104-2-e
    

+ Performance & Resource Estimates: 
    
    PS: '+' for module; 'o' for loop; '*' for dataflow
    +-----------------------------+--------+-------+---------+-----------+----------+---------+------+----------+----------+----------+-------------+------------+-----+
    |           Modules           |  Issue |       | Latency |  Latency  | Iteration|         | Trip |          |          |          |             |            |     |
    |           & Loops           |  Type  | Slack | (cycles)|    (ns)   |  Latency | Interval| Count| Pipelined|   BRAM   |    DSP   |      FF     |     LUT    | URAM|
    +-----------------------------+--------+-------+---------+-----------+----------+---------+------+----------+----------+----------+-------------+------------+-----+
    |+ hotspot_HW                 |  Timing|   0.31|  7881560|  2.625e+07|         -|  7881561|     -|        no|  240 (8%)|  446 (7%)|  108464 (6%)|  70932 (8%)|    -|
    | + grp_compute_fu_1179       |  Timing|   0.22|      458|  1.525e+03|         -|      458|     -|        no|         -|  427 (7%)|  104439 (5%)|  52981 (6%)|    -|
    |  o VITIS_LOOP_32_1          |      II|  -2.43|      445|  1.482e+03|        68|        6|    64|       yes|         -|         -|            -|           -|    -|
    | + grp_selectLayer_fu_1274   |       -|  -0.36|      785|  2.614e+03|         -|      785|     -|        no|         -|         -|    701 (~0%)|  1267 (~0%)|    -|
    |  + grp_buffer_load_fu_174   |       -|  -0.36|      260|    865.800|         -|      260|     -|        no|         -|         -|    666 (~0%)|   179 (~0%)|    -|
    |   o VITIS_LOOP_1842_2       |       -|  -2.43|      258|    859.140|         4|        1|   256|       yes|         -|         -|            -|           -|    -|
    | + grp_buffer_store_fu_1333  |       -|  -0.37|      259|    862.470|         -|      259|     -|        no|         -|         -|    566 (~0%)|   106 (~0%)|    -|
    |  o VITIS_LOOP_2095_3        |       -|  -2.43|      257|    855.810|         3|        1|   256|       yes|         -|         -|            -|           -|    -|
    | + grp_buffer_load_fu_1358   |       -|  -0.36|      260|    865.800|         -|      260|     -|        no|         -|         -|    666 (~0%)|   179 (~0%)|    -|
    |  o VITIS_LOOP_1842_2        |       -|  -2.43|      258|    859.140|         4|        1|   256|       yes|         -|         -|            -|           -|    -|
    | o VITIS_LOOP_178_2          |       -|  -2.43|  7881500|  2.625e+07|     15763|        -|   500|        no|         -|         -|            -|           -|    -|
    |  o VITIS_LOOP_181_3         |       -|  -2.43|     7880|  2.624e+04|       788|        -|    10|        no|         -|         -|            -|           -|    -|
    |  o VITIS_LOOP_203_4         |       -|  -2.43|     7880|  2.624e+04|       788|        -|    10|        no|         -|         -|            -|           -|    -|
    +-----------------------------+--------+-------+---------+-----------+----------+---------+------+----------+----------+----------+-------------+------------+-----+

